00:00 +0: loading /Users/lycanbeats/Desktop/adhd_supplement_app/test/presentation/views/quick_setup_wizard_screen_test.dart                                                                            00:01 +0: loading /Users/lycanbeats/Desktop/adhd_supplement_app/test/presentation/views/quick_setup_wizard_screen_test.dart                                                                            00:02 +0: loading /Users/lycanbeats/Desktop/adhd_supplement_app/test/presentation/views/quick_setup_wizard_screen_test.dart                                                                            00:03 +0: loading /Users/lycanbeats/Desktop/adhd_supplement_app/test/presentation/views/quick_setup_wizard_screen_test.dart                                                                            00:03 +0: Navigation through steps works                                                                                                                                                               00:04 +0: Navigation through steps works                                                                                                                                                               00:04 +0: Navigation through steps works                                                                                                                                                               
══╡ EXCEPTION CAUGHT BY FLUTTER TEST FRAMEWORK ╞════════════════════════════════════════════════════
The following StateError was thrown running a test:
Bad state: No element

When the exception was thrown, this was the stack:
#0      Iterable.single (dart:core/iterable.dart:694:25)
#1      WidgetController.element (package:flutter_test/src/controller.dart:868:30)
#2      WidgetController.ensureVisible (package:flutter_test/src/controller.dart:2305:32)
#3      main.<anonymous closure> (file:///Users/lycanbeats/Desktop/adhd_supplement_app/test/presentation/views/quick_setup_wizard_screen_test.dart:104:18)
<asynchronous suspension>
#4      testWidgets.<anonymous closure>.<anonymous closure> (package:flutter_test/src/widget_tester.dart:192:15)
<asynchronous suspension>
#5      TestWidgetsFlutterBinding._runTestBody (package:flutter_test/src/binding.dart:1059:5)
<asynchronous suspension>
<asynchronous suspension>
(elided one frame from package:stack_trace)

The test description was:
  Navigation through steps works
════════════════════════════════════════════════════════════════════════════════════════════════════
00:04 +0 -1: Navigation through steps works [E]                                                                                                                                                        
  Test failed. See exception logs above.
  The test description was: Navigation through steps works
  

To run this test again: /Users/lycanbeats/flutter/bin/cache/dart-sdk/bin/dart test /Users/lycanbeats/Desktop/adhd_supplement_app/test/presentation/views/quick_setup_wizard_screen_test.dart -p vm --plain-name 'Navigation through steps works'
00:04 +0 -1: Some tests failed.                                                                                                                                                                        
